#! /c/Source/iverilog-install/bin/vvp
:ivl_version "12.0 (devel)" "(s20150603-1539-g2693dd32b)";
:ivl_delay_selection "TYPICAL";
:vpi_time_precision + 0;
:vpi_module "C:\iverilog\lib\ivl\system.vpi";
:vpi_module "C:\iverilog\lib\ivl\vhdl_sys.vpi";
:vpi_module "C:\iverilog\lib\ivl\vhdl_textio.vpi";
:vpi_module "C:\iverilog\lib\ivl\v2005_math.vpi";
:vpi_module "C:\iverilog\lib\ivl\va_math.vpi";
S_0000023ea161bc30 .scope module, "tb_mux4to1_32bit" "tb_mux4to1_32bit" 2 1;
 .timescale 0 0;
v0000023ea153a390_0 .var "a", 31 0;
v0000023ea153a250_0 .var "b", 31 0;
v0000023ea153a4d0_0 .var "c", 31 0;
v0000023ea153a6b0_0 .var "d", 31 0;
v0000023ea1539d50_0 .var/i "error_count", 31 0;
v0000023ea153a430_0 .var "expected", 31 0;
v0000023ea1539f30_0 .var/i "i", 31 0;
v0000023ea15398f0_0 .net "out", 31 0, L_0000023ea153a570;  1 drivers
v0000023ea1539c10_0 .var "sel", 1 0;
S_0000023ea14d6130 .scope module, "uut" "mux4to1_32bit" 2 6, 3 1 0, S_0000023ea161bc30;
 .timescale 0 0;
    .port_info 0 /INPUT 32 "a";
    .port_info 1 /INPUT 32 "b";
    .port_info 2 /INPUT 32 "c";
    .port_info 3 /INPUT 32 "d";
    .port_info 4 /INPUT 2 "sel";
    .port_info 5 /OUTPUT 32 "out";
L_0000023ea153a8b8 .functor BUFT 1, C4<00>, C4<0>, C4<0>, C4<0>;
v0000023ea14a34b0_0 .net/2u *"_ivl_0", 1 0, L_0000023ea153a8b8;  1 drivers
v0000023ea14a30e0_0 .net *"_ivl_10", 0 0, L_0000023ea1539fd0;  1 drivers
v0000023ea161b130_0 .net *"_ivl_12", 31 0, L_0000023ea1539ad0;  1 drivers
v0000023ea14c6840_0 .net *"_ivl_14", 31 0, L_0000023ea1539cb0;  1 drivers
v0000023ea14c68e0_0 .net *"_ivl_2", 0 0, L_0000023ea1539a30;  1 drivers
L_0000023ea153a900 .functor BUFT 1, C4<01>, C4<0>, C4<0>, C4<0>;
v0000023ea14d62c0_0 .net/2u *"_ivl_4", 1 0, L_0000023ea153a900;  1 drivers
v0000023ea14d6360_0 .net *"_ivl_6", 0 0, L_0000023ea1539e90;  1 drivers
L_0000023ea153a948 .functor BUFT 1, C4<10>, C4<0>, C4<0>, C4<0>;
v0000023ea14d6400_0 .net/2u *"_ivl_8", 1 0, L_0000023ea153a948;  1 drivers
v0000023ea14d64a0_0 .net "a", 31 0, v0000023ea153a390_0;  1 drivers
v0000023ea14d4cd0_0 .net "b", 31 0, v0000023ea153a250_0;  1 drivers
v0000023ea14d4d70_0 .net "c", 31 0, v0000023ea153a4d0_0;  1 drivers
v0000023ea1539df0_0 .net "d", 31 0, v0000023ea153a6b0_0;  1 drivers
v0000023ea153a1b0_0 .net "out", 31 0, L_0000023ea153a570;  alias, 1 drivers
v0000023ea153a610_0 .net "sel", 1 0, v0000023ea1539c10_0;  1 drivers
L_0000023ea1539a30 .cmp/eq 2, v0000023ea1539c10_0, L_0000023ea153a8b8;
L_0000023ea1539e90 .cmp/eq 2, v0000023ea1539c10_0, L_0000023ea153a900;
L_0000023ea1539fd0 .cmp/eq 2, v0000023ea1539c10_0, L_0000023ea153a948;
L_0000023ea1539ad0 .functor MUXZ 32, v0000023ea153a6b0_0, v0000023ea153a4d0_0, L_0000023ea1539fd0, C4<>;
L_0000023ea1539cb0 .functor MUXZ 32, L_0000023ea1539ad0, v0000023ea153a250_0, L_0000023ea1539e90, C4<>;
L_0000023ea153a570 .functor MUXZ 32, L_0000023ea1539cb0, v0000023ea153a390_0, L_0000023ea1539a30, C4<>;
    .scope S_0000023ea161bc30;
T_0 ;
    %pushi/vec4 0, 0, 32;
    %store/vec4 v0000023ea1539d50_0, 0, 32;
    %end;
    .thread T_0;
    .scope S_0000023ea161bc30;
T_1 ;
    %vpi_call 2 13 "$dumpfile", "waves/mux4to1_32bit.vcd" {0 0 0};
    %vpi_call 2 14 "$dumpvars", 32'sb00000000000000000000000000000000, S_0000023ea161bc30 {0 0 0};
    %pushi/vec4 0, 0, 32;
    %store/vec4 v0000023ea1539f30_0, 0, 32;
T_1.0 ;
    %load/vec4 v0000023ea1539f30_0;
    %cmpi/s 2, 0, 32;
    %jmp/0xz T_1.1, 5;
    %pushi/vec4 0, 0, 32;
    %store/vec4 v0000023ea153a390_0, 0, 32;
    %pushi/vec4 4294967295, 0, 32;
    %store/vec4 v0000023ea153a250_0, 0, 32;
    %pushi/vec4 2863311530, 0, 32;
    %store/vec4 v0000023ea153a4d0_0, 0, 32;
    %pushi/vec4 1431655765, 0, 32;
    %store/vec4 v0000023ea153a6b0_0, 0, 32;
    %load/vec4 v0000023ea1539f30_0;
    %pad/s 2;
    %store/vec4 v0000023ea1539c10_0, 0, 2;
    %delay 10, 0;
    %load/vec4 v0000023ea1539c10_0;
    %cmpi/e 0, 0, 2;
    %flag_mov 8, 4;
    %jmp/0 T_1.2, 8;
    %load/vec4 v0000023ea153a390_0;
    %jmp/1 T_1.3, 8;
T_1.2 ; End of true expr.
    %load/vec4 v0000023ea1539c10_0;
    %cmpi/e 1, 0, 2;
    %flag_mov 9, 4;
    %jmp/0 T_1.4, 9;
    %load/vec4 v0000023ea153a250_0;
    %jmp/1 T_1.5, 9;
T_1.4 ; End of true expr.
    %load/vec4 v0000023ea1539c10_0;
    %cmpi/e 2, 0, 2;
    %flag_mov 10, 4;
    %jmp/0 T_1.6, 10;
    %load/vec4 v0000023ea153a4d0_0;
    %jmp/1 T_1.7, 10;
T_1.6 ; End of true expr.
    %load/vec4 v0000023ea153a6b0_0;
    %jmp/0 T_1.7, 10;
 ; End of false expr.
    %blend;
T_1.7;
    %jmp/0 T_1.5, 9;
 ; End of false expr.
    %blend;
T_1.5;
    %jmp/0 T_1.3, 8;
 ; End of false expr.
    %blend;
T_1.3;
    %store/vec4 v0000023ea153a430_0, 0, 32;
    %load/vec4 v0000023ea15398f0_0;
    %load/vec4 v0000023ea153a430_0;
    %cmp/ne;
    %jmp/0xz  T_1.8, 6;
    %vpi_call 2 32 "$display", "ERROR: a = %h, b = %h, c = %h, d = %h | sel = %h | out = %h, expected = %h", v0000023ea153a390_0, v0000023ea153a250_0, v0000023ea153a4d0_0, v0000023ea153a6b0_0, v0000023ea1539c10_0, v0000023ea15398f0_0, v0000023ea153a430_0 {0 0 0};
    %load/vec4 v0000023ea1539d50_0;
    %addi 1, 0, 32;
    %store/vec4 v0000023ea1539d50_0, 0, 32;
T_1.8 ;
    %load/vec4 v0000023ea1539f30_0;
    %addi 1, 0, 32;
    %store/vec4 v0000023ea1539f30_0, 0, 32;
    %jmp T_1.0;
T_1.1 ;
    %pushi/vec4 0, 0, 32;
    %store/vec4 v0000023ea1539f30_0, 0, 32;
    %pushi/vec4 0, 0, 32;
    %store/vec4 v0000023ea1539f30_0, 0, 32;
T_1.10 ;
    %load/vec4 v0000023ea1539f30_0;
    %cmpi/s 2, 0, 32;
    %jmp/0xz T_1.11, 5;
    %pushi/vec4 305419896, 0, 32;
    %store/vec4 v0000023ea153a390_0, 0, 32;
    %pushi/vec4 2271560481, 0, 32;
    %store/vec4 v0000023ea153a250_0, 0, 32;
    %pushi/vec4 3735928559, 0, 32;
    %store/vec4 v0000023ea153a4d0_0, 0, 32;
    %pushi/vec4 3405691582, 0, 32;
    %store/vec4 v0000023ea153a6b0_0, 0, 32;
    %load/vec4 v0000023ea1539f30_0;
    %pad/s 2;
    %store/vec4 v0000023ea1539c10_0, 0, 2;
    %delay 10, 0;
    %load/vec4 v0000023ea1539c10_0;
    %cmpi/e 0, 0, 2;
    %flag_mov 8, 4;
    %jmp/0 T_1.12, 8;
    %load/vec4 v0000023ea153a390_0;
    %jmp/1 T_1.13, 8;
T_1.12 ; End of true expr.
    %load/vec4 v0000023ea1539c10_0;
    %cmpi/e 1, 0, 2;
    %flag_mov 9, 4;
    %jmp/0 T_1.14, 9;
    %load/vec4 v0000023ea153a250_0;
    %jmp/1 T_1.15, 9;
T_1.14 ; End of true expr.
    %load/vec4 v0000023ea1539c10_0;
    %cmpi/e 2, 0, 2;
    %flag_mov 10, 4;
    %jmp/0 T_1.16, 10;
    %load/vec4 v0000023ea153a4d0_0;
    %jmp/1 T_1.17, 10;
T_1.16 ; End of true expr.
    %load/vec4 v0000023ea153a6b0_0;
    %jmp/0 T_1.17, 10;
 ; End of false expr.
    %blend;
T_1.17;
    %jmp/0 T_1.15, 9;
 ; End of false expr.
    %blend;
T_1.15;
    %jmp/0 T_1.13, 8;
 ; End of false expr.
    %blend;
T_1.13;
    %store/vec4 v0000023ea153a430_0, 0, 32;
    %load/vec4 v0000023ea15398f0_0;
    %load/vec4 v0000023ea153a430_0;
    %cmp/ne;
    %jmp/0xz  T_1.18, 6;
    %vpi_call 2 54 "$display", "ERROR: a = %h, b = %h, c = %h, d = %h | sel = %h | out = %h, expected = %h", v0000023ea153a390_0, v0000023ea153a250_0, v0000023ea153a4d0_0, v0000023ea153a6b0_0, v0000023ea1539c10_0, v0000023ea15398f0_0, v0000023ea153a430_0 {0 0 0};
    %load/vec4 v0000023ea1539d50_0;
    %addi 1, 0, 32;
    %store/vec4 v0000023ea1539d50_0, 0, 32;
T_1.18 ;
    %load/vec4 v0000023ea1539f30_0;
    %addi 1, 0, 32;
    %store/vec4 v0000023ea1539f30_0, 0, 32;
    %jmp T_1.10;
T_1.11 ;
    %pushi/vec4 0, 0, 32;
    %store/vec4 v0000023ea1539f30_0, 0, 32;
    %pushi/vec4 0, 0, 32;
    %store/vec4 v0000023ea1539f30_0, 0, 32;
T_1.20 ;
    %load/vec4 v0000023ea1539f30_0;
    %cmpi/s 2, 0, 32;
    %jmp/0xz T_1.21, 5;
    %pushi/vec4 1, 0, 32;
    %store/vec4 v0000023ea153a390_0, 0, 32;
    %pushi/vec4 2147483648, 0, 32;
    %store/vec4 v0000023ea153a250_0, 0, 32;
    %pushi/vec4 32768, 0, 32;
    %store/vec4 v0000023ea153a4d0_0, 0, 32;
    %pushi/vec4 65536, 0, 32;
    %store/vec4 v0000023ea153a6b0_0, 0, 32;
    %load/vec4 v0000023ea1539f30_0;
    %pad/s 2;
    %store/vec4 v0000023ea1539c10_0, 0, 2;
    %delay 10, 0;
    %load/vec4 v0000023ea1539c10_0;
    %cmpi/e 0, 0, 2;
    %flag_mov 8, 4;
    %jmp/0 T_1.22, 8;
    %load/vec4 v0000023ea153a390_0;
    %jmp/1 T_1.23, 8;
T_1.22 ; End of true expr.
    %load/vec4 v0000023ea1539c10_0;
    %cmpi/e 1, 0, 2;
    %flag_mov 9, 4;
    %jmp/0 T_1.24, 9;
    %load/vec4 v0000023ea153a250_0;
    %jmp/1 T_1.25, 9;
T_1.24 ; End of true expr.
    %load/vec4 v0000023ea1539c10_0;
    %cmpi/e 2, 0, 2;
    %flag_mov 10, 4;
    %jmp/0 T_1.26, 10;
    %load/vec4 v0000023ea153a4d0_0;
    %jmp/1 T_1.27, 10;
T_1.26 ; End of true expr.
    %load/vec4 v0000023ea153a6b0_0;
    %jmp/0 T_1.27, 10;
 ; End of false expr.
    %blend;
T_1.27;
    %jmp/0 T_1.25, 9;
 ; End of false expr.
    %blend;
T_1.25;
    %jmp/0 T_1.23, 8;
 ; End of false expr.
    %blend;
T_1.23;
    %store/vec4 v0000023ea153a430_0, 0, 32;
    %load/vec4 v0000023ea15398f0_0;
    %load/vec4 v0000023ea153a430_0;
    %cmp/ne;
    %jmp/0xz  T_1.28, 6;
    %vpi_call 2 76 "$display", "ERROR: a = %h, b = %h, c = %h, d = %h | sel = %h | out = %h, expected = %h", v0000023ea153a390_0, v0000023ea153a250_0, v0000023ea153a4d0_0, v0000023ea153a6b0_0, v0000023ea1539c10_0, v0000023ea15398f0_0, v0000023ea153a430_0 {0 0 0};
    %load/vec4 v0000023ea1539d50_0;
    %addi 1, 0, 32;
    %store/vec4 v0000023ea1539d50_0, 0, 32;
T_1.28 ;
    %load/vec4 v0000023ea1539f30_0;
    %addi 1, 0, 32;
    %store/vec4 v0000023ea1539f30_0, 0, 32;
    %jmp T_1.20;
T_1.21 ;
    %pushi/vec4 0, 0, 32;
    %store/vec4 v0000023ea1539f30_0, 0, 32;
    %pushi/vec4 0, 0, 32;
    %store/vec4 v0000023ea1539f30_0, 0, 32;
T_1.30 ;
    %load/vec4 v0000023ea1539f30_0;
    %cmpi/s 2, 0, 32;
    %jmp/0xz T_1.31, 5;
    %pushi/vec4 5, 0, 32;
    %store/vec4 v0000023ea153a390_0, 0, 32;
    %pushi/vec4 10, 0, 32;
    %store/vec4 v0000023ea153a250_0, 0, 32;
    %pushi/vec4 15, 0, 32;
    %store/vec4 v0000023ea153a4d0_0, 0, 32;
    %pushi/vec4 16, 0, 32;
    %store/vec4 v0000023ea153a6b0_0, 0, 32;
    %load/vec4 v0000023ea1539f30_0;
    %pad/s 2;
    %store/vec4 v0000023ea1539c10_0, 0, 2;
    %delay 10, 0;
    %load/vec4 v0000023ea1539c10_0;
    %cmpi/e 0, 0, 2;
    %flag_mov 8, 4;
    %jmp/0 T_1.32, 8;
    %load/vec4 v0000023ea153a390_0;
    %jmp/1 T_1.33, 8;
T_1.32 ; End of true expr.
    %load/vec4 v0000023ea1539c10_0;
    %cmpi/e 1, 0, 2;
    %flag_mov 9, 4;
    %jmp/0 T_1.34, 9;
    %load/vec4 v0000023ea153a250_0;
    %jmp/1 T_1.35, 9;
T_1.34 ; End of true expr.
    %load/vec4 v0000023ea1539c10_0;
    %cmpi/e 2, 0, 2;
    %flag_mov 10, 4;
    %jmp/0 T_1.36, 10;
    %load/vec4 v0000023ea153a4d0_0;
    %jmp/1 T_1.37, 10;
T_1.36 ; End of true expr.
    %load/vec4 v0000023ea153a6b0_0;
    %jmp/0 T_1.37, 10;
 ; End of false expr.
    %blend;
T_1.37;
    %jmp/0 T_1.35, 9;
 ; End of false expr.
    %blend;
T_1.35;
    %jmp/0 T_1.33, 8;
 ; End of false expr.
    %blend;
T_1.33;
    %store/vec4 v0000023ea153a430_0, 0, 32;
    %load/vec4 v0000023ea15398f0_0;
    %load/vec4 v0000023ea153a430_0;
    %cmp/ne;
    %jmp/0xz  T_1.38, 6;
    %vpi_call 2 98 "$display", "ERROR: a = %h, b = %h, c = %h, d = %h | sel = %h | out = %h, expected = %h", v0000023ea153a390_0, v0000023ea153a250_0, v0000023ea153a4d0_0, v0000023ea153a6b0_0, v0000023ea1539c10_0, v0000023ea15398f0_0, v0000023ea153a430_0 {0 0 0};
    %load/vec4 v0000023ea1539d50_0;
    %addi 1, 0, 32;
    %store/vec4 v0000023ea1539d50_0, 0, 32;
T_1.38 ;
    %load/vec4 v0000023ea1539f30_0;
    %addi 1, 0, 32;
    %store/vec4 v0000023ea1539f30_0, 0, 32;
    %jmp T_1.30;
T_1.31 ;
    %pushi/vec4 0, 0, 32;
    %store/vec4 v0000023ea1539f30_0, 0, 32;
    %pushi/vec4 0, 0, 32;
    %store/vec4 v0000023ea1539f30_0, 0, 32;
T_1.40 ;
    %load/vec4 v0000023ea1539f30_0;
    %cmpi/s 2, 0, 32;
    %jmp/0xz T_1.41, 5;
    %pushi/vec4 255, 0, 32;
    %store/vec4 v0000023ea153a390_0, 0, 32;
    %pushi/vec4 65280, 0, 32;
    %store/vec4 v0000023ea153a250_0, 0, 32;
    %pushi/vec4 16711680, 0, 32;
    %store/vec4 v0000023ea153a4d0_0, 0, 32;
    %pushi/vec4 4278190080, 0, 32;
    %store/vec4 v0000023ea153a6b0_0, 0, 32;
    %load/vec4 v0000023ea1539f30_0;
    %pad/s 2;
    %store/vec4 v0000023ea1539c10_0, 0, 2;
    %delay 10, 0;
    %load/vec4 v0000023ea1539c10_0;
    %cmpi/e 0, 0, 2;
    %flag_mov 8, 4;
    %jmp/0 T_1.42, 8;
    %load/vec4 v0000023ea153a390_0;
    %jmp/1 T_1.43, 8;
T_1.42 ; End of true expr.
    %load/vec4 v0000023ea1539c10_0;
    %cmpi/e 1, 0, 2;
    %flag_mov 9, 4;
    %jmp/0 T_1.44, 9;
    %load/vec4 v0000023ea153a250_0;
    %jmp/1 T_1.45, 9;
T_1.44 ; End of true expr.
    %load/vec4 v0000023ea1539c10_0;
    %cmpi/e 2, 0, 2;
    %flag_mov 10, 4;
    %jmp/0 T_1.46, 10;
    %load/vec4 v0000023ea153a4d0_0;
    %jmp/1 T_1.47, 10;
T_1.46 ; End of true expr.
    %load/vec4 v0000023ea153a6b0_0;
    %jmp/0 T_1.47, 10;
 ; End of false expr.
    %blend;
T_1.47;
    %jmp/0 T_1.45, 9;
 ; End of false expr.
    %blend;
T_1.45;
    %jmp/0 T_1.43, 8;
 ; End of false expr.
    %blend;
T_1.43;
    %store/vec4 v0000023ea153a430_0, 0, 32;
    %load/vec4 v0000023ea15398f0_0;
    %load/vec4 v0000023ea153a430_0;
    %cmp/ne;
    %jmp/0xz  T_1.48, 6;
    %vpi_call 2 120 "$display", "ERROR: a = %h, b = %h, c = %h, d = %h | sel = %h | out = %h, expected = %h", v0000023ea153a390_0, v0000023ea153a250_0, v0000023ea153a4d0_0, v0000023ea153a6b0_0, v0000023ea1539c10_0, v0000023ea15398f0_0, v0000023ea153a430_0 {0 0 0};
    %load/vec4 v0000023ea1539d50_0;
    %addi 1, 0, 32;
    %store/vec4 v0000023ea1539d50_0, 0, 32;
T_1.48 ;
    %load/vec4 v0000023ea1539f30_0;
    %addi 1, 0, 32;
    %store/vec4 v0000023ea1539f30_0, 0, 32;
    %jmp T_1.40;
T_1.41 ;
    %vpi_call 2 125 "$display", "ERROR COUNT: %0d", v0000023ea1539d50_0 {0 0 0};
    %load/vec4 v0000023ea1539d50_0;
    %cmpi/e 0, 0, 32;
    %jmp/0xz  T_1.50, 4;
    %vpi_call 2 128 "$display", "TESTBENCH PASSED" {0 0 0};
T_1.50 ;
    %vpi_call 2 130 "$finish" {0 0 0};
    %end;
    .thread T_1;
# The file index is used to find the file name in the following table.
:file_names 4;
    "N/A";
    "<interactive>";
    "tb/tb_mux4to1_32bit.v";
    "rtl/mux4to1_32bit.v";
